// Jest Snapshot v1, https://goo.gl/fbAQLP

exports[`<FeedScreen /> Should have a snapshot 1`] = `
ShallowWrapper {
  "complexSelector": ComplexSelector {
    "buildPredicate": [Function],
    "childrenOfNode": [Function],
    "findWhereUnwrapped": [Function],
  },
  "length": 1,
  "node": <View
    style={
        Object {
            "flex": 1,
          }
    }
>
    <View
        style={
            Object {
                "alignItems": "center",
                "backgroundColor": "#29384D",
                "elevation": 4,
                "flexDirection": "row",
                "height": 64,
                "paddingHorizontal": 0,
                "paddingTop": 20,
              }
        }
    >
        <TouchableOpacity
            activeOpacity={0.2}
            focusedOpacity={0.7}
            onPress={[Function]}
            style={
                Object {
                    "alignItems": "center",
                    "height": 44,
                    "justifyContent": "center",
                    "width": 44,
                  }
            }
        >
            <Icon
                allowFontScaling={false}
                color="white"
                name="md-arrow-back"
                size={24}
            />
        </TouchableOpacity>
        <View
            style={
                Object {
                    "flex": 1,
                  }
            }
        >
            <Text
                accessible={true}
                allowFontScaling={true}
                ellipsizeMode="tail"
                numberOfLines={1}
                style={
                    Object {
                        "color": "#ffffff",
                        "fontSize": 20,
                      }
                }
            >
                title
            </Text>
        </View>
    </View>
    <LoadingSpinner
        spinnerColor="#ffffff"
        spinnerSize="large"
        style={
            Object {
                "backgroundColor": undefined,
              }
        }
    />
</View>,
  "nodes": Array [
    <View
      style={
            Object {
                  "flex": 1,
                }
      }
>
      <View
            style={
                  Object {
                        "alignItems": "center",
                        "backgroundColor": "#29384D",
                        "elevation": 4,
                        "flexDirection": "row",
                        "height": 64,
                        "paddingHorizontal": 0,
                        "paddingTop": 20,
                      }
            }
      >
            <TouchableOpacity
                  activeOpacity={0.2}
                  focusedOpacity={0.7}
                  onPress={[Function]}
                  style={
                        Object {
                              "alignItems": "center",
                              "height": 44,
                              "justifyContent": "center",
                              "width": 44,
                            }
                  }
            >
                  <Icon
                        allowFontScaling={false}
                        color="white"
                        name="md-arrow-back"
                        size={24}
                  />
            </TouchableOpacity>
            <View
                  style={
                        Object {
                              "flex": 1,
                            }
                  }
            >
                  <Text
                        accessible={true}
                        allowFontScaling={true}
                        ellipsizeMode="tail"
                        numberOfLines={1}
                        style={
                              Object {
                                    "color": "#ffffff",
                                    "fontSize": 20,
                                  }
                        }
                  >
                        title
                  </Text>
            </View>
      </View>
      <LoadingSpinner
            spinnerColor="#ffffff"
            spinnerSize="large"
            style={
                  Object {
                        "backgroundColor": undefined,
                      }
            }
      />
</View>,
  ],
  "options": Object {},
  "renderer": ReactShallowRenderer {
    "_instance": ShallowComponentWrapper {
      "_calledComponentWillUnmount": false,
      "_compositeType": 0,
      "_context": Object {},
      "_currentElement": <FeedScreen
        feedList={Array []}
        getPosts={[Function]}
        navigator={Object {}}
        route={
                Object {
                        "params": Object {
                          "tab": 2,
                          "title": "title",
                        },
                      }
        }
/>,
      "_debugID": 1,
      "_hostContainerInfo": null,
      "_hostParent": null,
      "_instance": FeedScreen {
        "_reactInternalInstance": [Circular],
        "context": Object {},
        "props": Object {
          "feedList": Array [],
          "getPosts": [Function],
          "navigator": Object {},
          "route": Object {
            "params": Object {
              "tab": 2,
              "title": "title",
            },
          },
        },
        "refs": Object {},
        "state": Object {
          "backgroundColor": undefined,
          "isLoading": true,
          "tab": 2,
          "title": "title",
        },
        "updater": Object {
          "enqueueCallback": [Function],
          "enqueueCallbackInternal": [Function],
          "enqueueElementInternal": [Function],
          "enqueueForceUpdate": [Function],
          "enqueueReplaceState": [Function],
          "enqueueSetState": [Function],
          "isMounted": [Function],
          "validateCallback": [Function],
        },
      },
      "_mountOrder": 1,
      "_pendingCallbacks": null,
      "_pendingElement": null,
      "_pendingForceUpdate": false,
      "_pendingReplaceState": false,
      "_pendingStateQueue": null,
      "_renderedComponent": NoopInternalComponent {
        "_currentElement": <View
          style={
                    Object {
                              "flex": 1,
                            }
          }
>
          <View
                    style={
                              Object {
                                        "alignItems": "center",
                                        "backgroundColor": "#29384D",
                                        "elevation": 4,
                                        "flexDirection": "row",
                                        "height": 64,
                                        "paddingHorizontal": 0,
                                        "paddingTop": 20,
                                      }
                    }
          >
                    <TouchableOpacity
                              activeOpacity={0.2}
                              focusedOpacity={0.7}
                              onPress={[Function]}
                              style={
                                        Object {
                                                  "alignItems": "center",
                                                  "height": 44,
                                                  "justifyContent": "center",
                                                  "width": 44,
                                                }
                              }
                    >
                              <Icon
                                        allowFontScaling={false}
                                        color="white"
                                        name="md-arrow-back"
                                        size={24}
                              />
                    </TouchableOpacity>
                    <View
                              style={
                                        Object {
                                                  "flex": 1,
                                                }
                              }
                    >
                              <Text
                                        accessible={true}
                                        allowFontScaling={true}
                                        ellipsizeMode="tail"
                                        numberOfLines={1}
                                        style={
                                                  Object {
                                                            "color": "#ffffff",
                                                            "fontSize": 20,
                                                          }
                                        }
                              >
                                        title
                              </Text>
                    </View>
          </View>
          <LoadingSpinner
                    spinnerColor="#ffffff"
                    spinnerSize="large"
                    style={
                              Object {
                                        "backgroundColor": undefined,
                                      }
                    }
          />
</View>,
        "_debugID": 2,
        "_renderedOutput": <View
          style={
                    Object {
                              "flex": 1,
                            }
          }
>
          <View
                    style={
                              Object {
                                        "alignItems": "center",
                                        "backgroundColor": "#29384D",
                                        "elevation": 4,
                                        "flexDirection": "row",
                                        "height": 64,
                                        "paddingHorizontal": 0,
                                        "paddingTop": 20,
                                      }
                    }
          >
                    <TouchableOpacity
                              activeOpacity={0.2}
                              focusedOpacity={0.7}
                              onPress={[Function]}
                              style={
                                        Object {
                                                  "alignItems": "center",
                                                  "height": 44,
                                                  "justifyContent": "center",
                                                  "width": 44,
                                                }
                              }
                    >
                              <Icon
                                        allowFontScaling={false}
                                        color="white"
                                        name="md-arrow-back"
                                        size={24}
                              />
                    </TouchableOpacity>
                    <View
                              style={
                                        Object {
                                                  "flex": 1,
                                                }
                              }
                    >
                              <Text
                                        accessible={true}
                                        allowFontScaling={true}
                                        ellipsizeMode="tail"
                                        numberOfLines={1}
                                        style={
                                                  Object {
                                                            "color": "#ffffff",
                                                            "fontSize": 20,
                                                          }
                                        }
                              >
                                        title
                              </Text>
                    </View>
          </View>
          <LoadingSpinner
                    spinnerColor="#ffffff"
                    spinnerSize="large"
                    style={
                              Object {
                                        "backgroundColor": undefined,
                                      }
                    }
          />
</View>,
      },
      "_renderedNodeType": 1,
      "_rootNodeID": 0,
      "_topLevelWrapper": null,
      "_updateBatchNumber": null,
      "_warnedAboutRefsInRender": false,
    },
    "getRenderOutput": [Function],
    "render": [Function],
  },
  "root": [Circular],
  "unrendered": <FeedScreen
    feedList={Array []}
    getPosts={[Function]}
    navigator={Object {}}
    route={
        Object {
            "params": Object {
              "tab": 2,
              "title": "title",
            },
          }
    }
/>,
}
`;
